D40
  como desenhado                                       30 Hz  -0.2 dB, pico  +6.4 dB @ 595 Hz (100 Hz = 125 dB/1V)
  copo 10 mm mais fundo                                30 Hz  -0.3 dB, pico  +4.7 dB @ 467 Hz (100 Hz = 128 dB/1V)
  copo cheio de fibra                                  30 Hz  -0.2 dB, pico  +3.5 dB @ 501 Hz (100 Hz = 126 dB/1V)
  copo +10 mm e cheio de fibra                         30 Hz  -0.2 dB, pico  +2.1 dB @ 393 Hz (100 Hz = 129 dB/1V)
  respiro amortecido (2 furos 1,5 mm + feltro 3 mm)    30 Hz  +4.6 dB, pico  +3.3 dB @ 595 Hz (100 Hz = 126 dB/1V)
  copo +10 mm, fibra e respiro                         30 Hz  +1.5 dB, pico  +1.8 dB @ 393 Hz (100 Hz = 129 dB/1V)
D50
  como desenhado                                       30 Hz  -0.1 dB, pico +11.4 dB @ 827 Hz (100 Hz = 120 dB/1V)
  copo 10 mm mais fundo                                30 Hz  -0.2 dB, pico  +9.2 dB @ 638 Hz (100 Hz = 125 dB/1V)
  copo cheio de fibra                                  30 Hz  -0.1 dB, pico  +7.4 dB @ 733 Hz (100 Hz = 122 dB/1V)
  copo +10 mm e cheio de fibra                         30 Hz  -0.2 dB, pico  +5.4 dB @ 565 Hz (100 Hz = 126 dB/1V)
  respiro amortecido (2 furos 1,5 mm + feltro 3 mm)    30 Hz  +5.3 dB, pico  +6.5 dB @ 842 Hz (100 Hz = 123 dB/1V)
  copo +10 mm, fibra e respiro                         30 Hz  +1.8 dB, pico  +4.8 dB @ 575 Hz (100 Hz = 126 dB/1V)
D60
  como desenhado                                       30 Hz  -0.1 dB, pico +16.6 dB @ 1190 Hz (100 Hz = 115 dB/1V)
  copo 10 mm mais fundo                                30 Hz  -0.1 dB, pico +13.5 dB @ 827 Hz (100 Hz = 121 dB/1V)
  copo cheio de fibra                                  30 Hz  -0.1 dB, pico +11.5 dB @ 1072 Hz (100 Hz = 117 dB/1V)
  copo +10 mm e cheio de fibra                         30 Hz  -0.1 dB, pico  +8.6 dB @ 759 Hz (100 Hz = 122 dB/1V)
  respiro amortecido (2 furos 1,5 mm + feltro 3 mm)    30 Hz  +6.1 dB, pico  +8.1 dB @ 1232 Hz (100 Hz = 119 dB/1V)
  copo +10 mm, fibra e respiro                         30 Hz  +2.3 dB, pico  +7.7 dB @ 759 Hz (100 Hz = 123 dB/1V)
