== tolerances
D40: flap squeeze nom 0.00 mm, 3-sigma -0.25..0.25 (ok 0.05..0.9); rim fit -0.24..+0.44 mm (+ clearance, - interference)
D45: flap squeeze nom 0.00 mm, 3-sigma -0.25..0.25 (ok 0.05..0.9); rim fit -0.24..+0.43 mm (+ clearance, - interference)
D50: flap squeeze nom 0.00 mm, 3-sigma -0.25..0.25 (ok 0.05..0.9); rim fit -0.23..+0.43 mm (+ clearance, - interference)
D55: flap squeeze nom 0.00 mm, 3-sigma -0.25..0.25 (ok 0.05..0.9); rim fit -0.23..+0.44 mm (+ clearance, - interference)
D60: flap squeeze nom 0.00 mm, 3-sigma -0.25..0.25 (ok 0.05..0.9); rim fit -0.24..+0.43 mm (+ clearance, - interference)
adapter_in_pocket: nom 0.30, 3-sigma 0.06..0.54
bayonet_engagement: nom 0.80, 3-sigma 0.54..1.06
bushing_interference: nom 0.15, 3-sigma -0.00..0.30
bushing min: p 0.00 MPa, slide force 0.0 N, turn torque 0.0 N mm
bushing nom: p 1.35 MPa, slide force 21.8 N, turn torque 17.4 N mm
bushing max: p 2.74 MPa, slide force 44.1 N, turn torque 35.2 N mm
== vibration
D40: driver on TPU fn 6619 Hz, isolates above 9361 Hz
D45: driver on TPU fn 6256 Hz, isolates above 8848 Hz
D50: driver on TPU fn 5651 Hz, isolates above 7991 Hz
D55: driver on TPU fn 5270 Hz, isolates above 7454 Hz
D60: driver on TPU fn 5008 Hz, isolates above 7082 Hz
rigid modes 60 mm: 20.1 Hz rotation about y, 22.8 Hz rotation about x, 33.8 Hz rotation about z, 34.1 Hz translation z, 52.0 Hz rotation about y, 53.3 Hz rotation about x
== acoustics
D40: Vb 33.0 cm3, Vfront 53.6 cm3, closed box Fc 441 Hz Qtc 1.47
    vedado (fresta 0,05 mm em toda a volta) [A]: 30 Hz 127.2 dB, 50 Hz 127.3 dB, 100 Hz 127.4 dB, 200 Hz 128.0 dB, 500 Hz 130.9 dB, 1000 Hz 120.1 dB
    correndo, abertura leve (0,2 mm em 1/4 da volta) [A]: 30 Hz 124.4 dB, 50 Hz 126.1 dB, 100 Hz 127.2 dB, 200 Hz 128.0 dB, 500 Hz 130.9 dB, 1000 Hz 120.3 dB
    correndo, abertura forte (0,5 mm em 1/2 da volta) [A]: 30 Hz 98.0 dB, 50 Hz 103.2 dB, 100 Hz 112.1 dB, 200 Hz 125.2 dB, 500 Hz 133.2 dB, 1000 Hz 121.8 dB
D45: Vb 31.1 cm3, Vfront 53.6 cm3, closed box Fc 505 Hz Qtc 1.94
    vedado (fresta 0,05 mm em toda a volta) [A]: 30 Hz 125.4 dB, 50 Hz 125.4 dB, 100 Hz 125.6 dB, 200 Hz 126.1 dB, 500 Hz 129.8 dB, 1000 Hz 121.8 dB
    correndo, abertura leve (0,2 mm em 1/4 da volta) [A]: 30 Hz 122.6 dB, 50 Hz 124.3 dB, 100 Hz 125.5 dB, 200 Hz 126.2 dB, 500 Hz 129.8 dB, 1000 Hz 122.0 dB
    correndo, abertura forte (0,5 mm em 1/2 da volta) [A]: 30 Hz 96.1 dB, 50 Hz 101.3 dB, 100 Hz 110.2 dB, 200 Hz 123.8 dB, 500 Hz 131.4 dB, 1000 Hz 123.6 dB
D50: Vb 28.6 cm3, Vfront 53.6 cm3, closed box Fc 588 Hz Qtc 2.61
    vedado (fresta 0,05 mm em toda a volta) [A]: 30 Hz 123.4 dB, 50 Hz 123.4 dB, 100 Hz 123.5 dB, 200 Hz 124.0 dB, 500 Hz 127.3 dB, 1000 Hz 124.1 dB
    correndo, abertura leve (0,2 mm em 1/4 da volta) [A]: 30 Hz 120.5 dB, 50 Hz 122.3 dB, 100 Hz 123.5 dB, 200 Hz 124.2 dB, 500 Hz 127.3 dB, 1000 Hz 124.4 dB
    correndo, abertura forte (0,5 mm em 1/2 da volta) [A]: 30 Hz 93.8 dB, 50 Hz 99.1 dB, 100 Hz 108.0 dB, 200 Hz 121.7 dB, 500 Hz 129.2 dB, 1000 Hz 126.1 dB
D55: Vb 25.5 cm3, Vfront 53.6 cm3, closed box Fc 687 Hz Qtc 3.46
    vedado (fresta 0,05 mm em toda a volta) [A]: 30 Hz 121.4 dB, 50 Hz 121.4 dB, 100 Hz 121.5 dB, 200 Hz 121.8 dB, 500 Hz 124.5 dB, 1000 Hz 127.2 dB
    correndo, abertura leve (0,2 mm em 1/4 da volta) [A]: 30 Hz 118.3 dB, 50 Hz 120.3 dB, 100 Hz 121.5 dB, 200 Hz 122.1 dB, 500 Hz 124.6 dB, 1000 Hz 127.5 dB
    correndo, abertura forte (0,5 mm em 1/2 da volta) [A]: 30 Hz 91.5 dB, 50 Hz 96.7 dB, 100 Hz 105.5 dB, 200 Hz 119.1 dB, 500 Hz 127.1 dB, 1000 Hz 129.3 dB
D60: Vb 21.7 cm3, Vfront 53.6 cm3, closed box Fc 821 Hz Qtc 4.69
    vedado (fresta 0,05 mm em toda a volta) [A]: 30 Hz 119.1 dB, 50 Hz 119.1 dB, 100 Hz 119.2 dB, 200 Hz 119.5 dB, 500 Hz 121.4 dB, 1000 Hz 130.1 dB
    correndo, abertura leve (0,2 mm em 1/4 da volta) [A]: 30 Hz 115.8 dB, 50 Hz 117.9 dB, 100 Hz 119.2 dB, 200 Hz 119.7 dB, 500 Hz 121.6 dB, 1000 Hz 130.2 dB
    correndo, abertura forte (0,5 mm em 1/2 da volta) [A]: 30 Hz 88.7 dB, 50 Hz 93.9 dB, 100 Hz 102.7 dB, 200 Hz 116.0 dB, 500 Hz 124.8 dB, 1000 Hz 131.0 dB
D40 felt on driver back: 0.0 mm peak +3.5 dB @ 509 Hz, 100 Hz 127 dB; 0.5 mm peak +3.1 dB @ 501 Hz, 100 Hz 127 dB; 1.0 mm peak +2.7 dB @ 484 Hz, 100 Hz 127 dB; 1.5 mm peak +2.3 dB @ 475 Hz, 100 Hz 127 dB; 2.0 mm peak +1.9 dB @ 459 Hz, 100 Hz 127 dB; 3.0 mm peak +1.3 dB @ 428 Hz, 100 Hz 127 dB; 4.0 mm peak +0.9 dB @ 393 Hz, 100 Hz 127 dB
D45 felt on driver back: 0.0 mm peak +5.3 dB @ 616 Hz, 100 Hz 126 dB; 0.5 mm peak +4.8 dB @ 606 Hz, 100 Hz 126 dB; 1.0 mm peak +4.3 dB @ 595 Hz, 100 Hz 126 dB; 1.5 mm peak +3.8 dB @ 585 Hz, 100 Hz 126 dB; 2.0 mm peak +3.4 dB @ 575 Hz, 100 Hz 126 dB; 3.0 mm peak +2.7 dB @ 555 Hz, 100 Hz 126 dB; 4.0 mm peak +2.0 dB @ 527 Hz, 100 Hz 126 dB
D50 felt on driver back: 0.0 mm peak +7.2 dB @ 720 Hz, 100 Hz 124 dB; 0.5 mm peak +6.6 dB @ 720 Hz, 100 Hz 124 dB; 1.0 mm peak +6.0 dB @ 708 Hz, 100 Hz 124 dB; 1.5 mm peak +5.5 dB @ 708 Hz, 100 Hz 124 dB; 2.0 mm peak +5.0 dB @ 696 Hz, 100 Hz 124 dB; 3.0 mm peak +4.1 dB @ 672 Hz, 100 Hz 124 dB; 4.0 mm peak +3.3 dB @ 660 Hz, 100 Hz 124 dB
D55 felt on driver back: 0.0 mm peak +9.0 dB @ 842 Hz, 100 Hz 122 dB; 0.5 mm peak +8.3 dB @ 842 Hz, 100 Hz 122 dB; 1.0 mm peak +7.7 dB @ 842 Hz, 100 Hz 122 dB; 1.5 mm peak +7.1 dB @ 827 Hz, 100 Hz 122 dB; 2.0 mm peak +6.5 dB @ 827 Hz, 100 Hz 122 dB; 3.0 mm peak +5.5 dB @ 813 Hz, 100 Hz 122 dB; 4.0 mm peak +4.7 dB @ 785 Hz, 100 Hz 121 dB
D60 felt on driver back: 0.0 mm peak +10.9 dB @ 1001 Hz, 100 Hz 119 dB; 0.5 mm peak +10.1 dB @ 983 Hz, 100 Hz 119 dB; 1.0 mm peak +9.4 dB @ 983 Hz, 100 Hz 119 dB; 1.5 mm peak +8.8 dB @ 983 Hz, 100 Hz 119 dB; 2.0 mm peak +8.1 dB @ 967 Hz, 100 Hz 119 dB; 3.0 mm peak +7.1 dB @ 967 Hz, 100 Hz 119 dB; 4.0 mm peak +6.1 dB @ 950 Hz, 100 Hz 119 dB
front cavity modes {'radial_11': 2897, 'radial_01': 6031, 'axial_1': 8240} rear {'radial_11': 3222, 'radial_01': 6707, 'axial_1': 12914}
== contacts 60 mm (kPa)
static  {'pad_p': 0.83, 'root_p': 0.95, 'helix_p': 0.0, 'sulcus_p': 1.62, 'lobe_p': 0.0, 'pinna_p': 0.95}
running {'pad_p': 2.02, 'root_p': 8.29, 'helix_p': 3.85, 'sulcus_p': 3.12, 'lobe_p': 4.42, 'pinna_p': 1.7}
