D40
  como desenhado                                       30 Hz  -0.2 dB, pico  +6.4 dB @ 585 Hz (100 Hz = 126 dB/1V)
  copo 10 mm mais fundo                                30 Hz  -0.2 dB, pico  +5.0 dB @ 484 Hz (100 Hz = 129 dB/1V)
  copo cheio de fibra                                  30 Hz  -0.2 dB, pico  +3.5 dB @ 509 Hz (100 Hz = 127 dB/1V)
  copo +10 mm e cheio de fibra                         30 Hz  -0.2 dB, pico  +2.4 dB @ 414 Hz (100 Hz = 130 dB/1V)
  respiro amortecido (2 furos 1,5 mm + feltro 3 mm)    30 Hz  +3.9 dB, pico  +3.8 dB @ 595 Hz (100 Hz = 127 dB/1V)
  copo +10 mm, fibra e respiro                         30 Hz  +1.1 dB, pico  +2.1 dB @ 414 Hz (100 Hz = 130 dB/1V)
D50
  como desenhado                                       30 Hz  -0.1 dB, pico +11.2 dB @ 813 Hz (100 Hz = 122 dB/1V)
  copo 10 mm mais fundo                                30 Hz  -0.2 dB, pico  +9.4 dB @ 649 Hz (100 Hz = 126 dB/1V)
  copo cheio de fibra                                  30 Hz  -0.1 dB, pico  +7.2 dB @ 720 Hz (100 Hz = 124 dB/1V)
  copo +10 mm e cheio de fibra                         30 Hz  -0.2 dB, pico  +5.7 dB @ 595 Hz (100 Hz = 127 dB/1V)
  respiro amortecido (2 furos 1,5 mm + feltro 3 mm)    30 Hz  +4.4 dB, pico  +7.4 dB @ 827 Hz (100 Hz = 124 dB/1V)
  copo +10 mm, fibra e respiro                         30 Hz  +1.4 dB, pico  +5.2 dB @ 595 Hz (100 Hz = 127 dB/1V)
D60
  como desenhado                                       30 Hz  -0.1 dB, pico +15.9 dB @ 1110 Hz (100 Hz = 118 dB/1V)
  copo 10 mm mais fundo                                30 Hz  -0.1 dB, pico +13.5 dB @ 842 Hz (100 Hz = 122 dB/1V)
  copo cheio de fibra                                  30 Hz  -0.1 dB, pico +10.9 dB @ 1001 Hz (100 Hz = 119 dB/1V)
  copo +10 mm e cheio de fibra                         30 Hz  -0.1 dB, pico  +8.8 dB @ 772 Hz (100 Hz = 123 dB/1V)
  respiro amortecido (2 furos 1,5 mm + feltro 3 mm)    30 Hz  +5.1 dB, pico  +9.9 dB @ 1130 Hz (100 Hz = 121 dB/1V)
  copo +10 mm, fibra e respiro                         30 Hz  +1.8 dB, pico  +8.1 dB @ 772 Hz (100 Hz = 124 dB/1V)
